app/BeginnerQuizScreen.tsx(101,24): error TS2345: Argument of type '{ borderColor: string; backgroundColor: string; }' is not assignable to parameter of type '{ flexDirection: "row"; alignItems: "center"; backgroundColor: string; borderWidth: number; borderColor: string; borderRadius: number; padding: number; }'.
  Type '{ borderColor: string; backgroundColor: string; }' is missing the following properties from type '{ flexDirection: "row"; alignItems: "center"; backgroundColor: string; borderWidth: number; borderColor: string; borderRadius: number; padding: number; }': flexDirection, alignItems, borderWidth, borderRadius, padding
app/BeginnerQuizScreen.tsx(102,22): error TS2345: Argument of type '{ color: string; }' is not assignable to parameter of type '{ flex: number; fontSize: number; fontWeight: "700"; color: string; }'.
  Type '{ color: string; }' is missing the following properties from type '{ flex: number; fontSize: number; fontWeight: "700"; color: string; }': flex, fontSize, fontWeight
app/BeginnerQuizScreen.tsx(103,24): error TS2345: Argument of type '{ backgroundColor: string; }' is not assignable to parameter of type '{ width: number; height: number; borderRadius: number; backgroundColor: string; alignItems: "center"; justifyContent: "center"; marginRight: number; }'.
  Type '{ backgroundColor: string; }' is missing the following properties from type '{ width: number; height: number; borderRadius: number; backgroundColor: string; alignItems: "center"; justifyContent: "center"; marginRight: number; }': width, height, borderRadius, alignItems, and 2 more.
app/BeginnerQuizScreen.tsx(104,28): error TS2345: Argument of type '{ color: string; }' is not assignable to parameter of type '{ color: string; fontWeight: "bold"; }'.
  Property 'fontWeight' is missing in type '{ color: string; }' but required in type '{ color: string; fontWeight: "bold"; }'.
app/BeginnerQuizScreen.tsx(106,24): error TS2345: Argument of type '{ borderColor: string; backgroundColor: string; }' is not assignable to parameter of type '{ flexDirection: "row"; alignItems: "center"; backgroundColor: string; borderWidth: number; borderColor: string; borderRadius: number; padding: number; }'.
  Type '{ borderColor: string; backgroundColor: string; }' is missing the following properties from type '{ flexDirection: "row"; alignItems: "center"; backgroundColor: string; borderWidth: number; borderColor: string; borderRadius: number; padding: number; }': flexDirection, alignItems, borderWidth, borderRadius, padding
app/BeginnerQuizScreen.tsx(107,22): error TS2345: Argument of type '{ color: string; }' is not assignable to parameter of type '{ flex: number; fontSize: number; fontWeight: "700"; color: string; }'.
  Type '{ color: string; }' is missing the following properties from type '{ flex: number; fontSize: number; fontWeight: "700"; color: string; }': flex, fontSize, fontWeight
app/BeginnerQuizScreen.tsx(108,24): error TS2345: Argument of type '{ backgroundColor: string; }' is not assignable to parameter of type '{ width: number; height: number; borderRadius: number; backgroundColor: string; alignItems: "center"; justifyContent: "center"; marginRight: number; }'.
  Type '{ backgroundColor: string; }' is missing the following properties from type '{ width: number; height: number; borderRadius: number; backgroundColor: string; alignItems: "center"; justifyContent: "center"; marginRight: number; }': width, height, borderRadius, alignItems, and 2 more.
app/BeginnerQuizScreen.tsx(109,28): error TS2345: Argument of type '{ color: string; }' is not assignable to parameter of type '{ color: string; fontWeight: "bold"; }'.
  Property 'fontWeight' is missing in type '{ color: string; }' but required in type '{ color: string; fontWeight: "bold"; }'.
app/BeginnerQuizScreen.tsx(111,24): error TS2345: Argument of type '{ opacity: number; }' is not assignable to parameter of type '{ flexDirection: "row"; alignItems: "center"; backgroundColor: string; borderWidth: number; borderColor: string; borderRadius: number; padding: number; }'.
  Type '{ opacity: number; }' is missing the following properties from type '{ flexDirection: "row"; alignItems: "center"; backgroundColor: string; borderWidth: number; borderColor: string; borderRadius: number; padding: number; }': flexDirection, alignItems, backgroundColor, borderWidth, and 3 more.
app/BeginnerQuizScreen.tsx(112,22): error TS2345: Argument of type '{ color: string; }' is not assignable to parameter of type '{ flex: number; fontSize: number; fontWeight: "700"; color: string; }'.
  Type '{ color: string; }' is missing the following properties from type '{ flex: number; fontSize: number; fontWeight: "700"; color: string; }': flex, fontSize, fontWeight
app/QuizScreen.tsx(174,24): error TS2345: Argument of type '{ borderColor: string; backgroundColor: string; }' is not assignable to parameter of type '{ flexDirection: "row"; alignItems: "center"; backgroundColor: string; borderWidth: number; borderColor: string; borderRadius: number; padding: number; }'.
  Type '{ borderColor: string; backgroundColor: string; }' is missing the following properties from type '{ flexDirection: "row"; alignItems: "center"; backgroundColor: string; borderWidth: number; borderColor: string; borderRadius: number; padding: number; }': flexDirection, alignItems, borderWidth, borderRadius, padding
app/QuizScreen.tsx(175,22): error TS2345: Argument of type '{ color: string; }' is not assignable to parameter of type '{ flex: number; fontSize: number; fontWeight: "700"; color: string; }'.
  Type '{ color: string; }' is missing the following properties from type '{ flex: number; fontSize: number; fontWeight: "700"; color: string; }': flex, fontSize, fontWeight
app/QuizScreen.tsx(176,24): error TS2345: Argument of type '{ backgroundColor: string; }' is not assignable to parameter of type '{ width: number; height: number; borderRadius: number; backgroundColor: string; alignItems: "center"; justifyContent: "center"; marginRight: number; }'.
  Type '{ backgroundColor: string; }' is missing the following properties from type '{ width: number; height: number; borderRadius: number; backgroundColor: string; alignItems: "center"; justifyContent: "center"; marginRight: number; }': width, height, borderRadius, alignItems, and 2 more.
app/QuizScreen.tsx(177,28): error TS2345: Argument of type '{ color: string; }' is not assignable to parameter of type '{ color: string; fontWeight: "bold"; }'.
  Property 'fontWeight' is missing in type '{ color: string; }' but required in type '{ color: string; fontWeight: "bold"; }'.
app/QuizScreen.tsx(179,24): error TS2345: Argument of type '{ borderColor: string; backgroundColor: string; }' is not assignable to parameter of type '{ flexDirection: "row"; alignItems: "center"; backgroundColor: string; borderWidth: number; borderColor: string; borderRadius: number; padding: number; }'.
  Type '{ borderColor: string; backgroundColor: string; }' is missing the following properties from type '{ flexDirection: "row"; alignItems: "center"; backgroundColor: string; borderWidth: number; borderColor: string; borderRadius: number; padding: number; }': flexDirection, alignItems, borderWidth, borderRadius, padding
app/QuizScreen.tsx(180,22): error TS2345: Argument of type '{ color: string; }' is not assignable to parameter of type '{ flex: number; fontSize: number; fontWeight: "700"; color: string; }'.
  Type '{ color: string; }' is missing the following properties from type '{ flex: number; fontSize: number; fontWeight: "700"; color: string; }': flex, fontSize, fontWeight
app/QuizScreen.tsx(181,24): error TS2345: Argument of type '{ backgroundColor: string; }' is not assignable to parameter of type '{ width: number; height: number; borderRadius: number; backgroundColor: string; alignItems: "center"; justifyContent: "center"; marginRight: number; }'.
  Type '{ backgroundColor: string; }' is missing the following properties from type '{ width: number; height: number; borderRadius: number; backgroundColor: string; alignItems: "center"; justifyContent: "center"; marginRight: number; }': width, height, borderRadius, alignItems, and 2 more.
app/QuizScreen.tsx(182,28): error TS2345: Argument of type '{ color: string; }' is not assignable to parameter of type '{ color: string; fontWeight: "bold"; }'.
  Property 'fontWeight' is missing in type '{ color: string; }' but required in type '{ color: string; fontWeight: "bold"; }'.
app/QuizScreen.tsx(184,24): error TS2345: Argument of type '{ opacity: number; }' is not assignable to parameter of type '{ flexDirection: "row"; alignItems: "center"; backgroundColor: string; borderWidth: number; borderColor: string; borderRadius: number; padding: number; }'.
  Type '{ opacity: number; }' is missing the following properties from type '{ flexDirection: "row"; alignItems: "center"; backgroundColor: string; borderWidth: number; borderColor: string; borderRadius: number; padding: number; }': flexDirection, alignItems, backgroundColor, borderWidth, and 3 more.
app/QuizScreen.tsx(185,22): error TS2345: Argument of type '{ color: string; }' is not assignable to parameter of type '{ flex: number; fontSize: number; fontWeight: "700"; color: string; }'.
  Type '{ color: string; }' is missing the following properties from type '{ flex: number; fontSize: number; fontWeight: "700"; color: string; }': flex, fontSize, fontWeight
